Reading netlist file: "D:\project\learn_tang\fun_rv32i\impl\gwsynthesis\fun_rv32i.vg"
Parsing netlist file "D:\project\learn_tang\fun_rv32i\impl\gwsynthesis\fun_rv32i.vg" completed
Processing netlist completed
Reading constraint file: "D:\project\learn_tang\fun_rv32i\src\fun_rv32i.cst"
Physical Constraint parsed completed
Running placement......
[10%] Placement Phase 0 completed
[20%] Placement Phase 1 completed
[30%] Placement Phase 2 completed
WARN  (TA1132) :  'clk' was determined to be a clock but was not created.
[50%] Placement Phase 3 completed
Running routing......
[60%] Routing Phase 0 completed
[70%] Routing Phase 1 completed
[80%] Routing Phase 2 completed
[90%] Routing Phase 3 completed
Running timing analysis......
[95%] Timing analysis completed
Placement and routing completed
Bitstream generation in progress......
Bitstream generation completed
Running power analysis......
[100%] Power analysis completed
Generate file "D:\project\learn_tang\fun_rv32i\impl\pnr\fun_rv32i.power.html" completed
Generate file "D:\project\learn_tang\fun_rv32i\impl\pnr\fun_rv32i.pin.html" completed
Generate file "D:\project\learn_tang\fun_rv32i\impl\pnr\fun_rv32i.rpt.html" completed
Generate file "D:\project\learn_tang\fun_rv32i\impl\pnr\fun_rv32i.rpt.txt" completed
Generate file "D:\project\learn_tang\fun_rv32i\impl\pnr\fun_rv32i.tr.html" completed
Mon Sep 28 22:50:09 2026

